// Jest Snapshot v1, https://goo.gl/fbAQLP

exports[`Table renders common path stripped 1`] = `
"[90m  ┌[39m[90m─[39m[90m─[39m[90m─[39m[90m─[39m[90m─[39m[90m─[39m[90m─[39m[90m─[39m[90m─[39m[90m─[39m[90m─[39m[90m─[39m[90m─[39m[90m─[39m[90m─[39m[90m─[39m[90m─[39m[90m─[39m[90m─[39m[90m─[39m[90m─[39m[90m─[39m[90m─[39m[90m─[39m[90m─[39m[90m─[39m[90m─[39m[90m─[39m[90m─[39m[90m─[39m[90m─[39m[90m─[39m[90m─[39m[90m─[39m[90m─[39m[90m─[39m[90m─[39m[90m─[39m[90m─[39m[90m─[39m[90m─[39m[90m─[39m[90m─[39m[90m─[39m[90m─[39m[90m─[39m[90m─[39m[90m─[39m[90m─[39m[90m─[39m[90m─[39m[90m─[39m[90m─[39m[90m─[39m[90m─[39m[90m─[39m[90m─[39m[90m─[39m[90m─[39m[90m─[39m[90m─[39m[90m─[39m[90m─[39m[90m─[39m[90m─[39m[90m─[39m[90m─[39m[90m─[39m[90m─[39m[90m─[39m[90m─[39m[90m─[39m[90m─[39m[90m─[39m[90m─[39m[90m─[39m[90m─[39m[90m─[39m[90m─[39m[90m─[39m[90m─[39m[90m─[39m[90m─[39m[90m─[39m[90m─[39m[90m─[39m[90m─[39m[90m─[39m[90m─[39m[90m─[39m[90m─[39m[90m─[39m[90m─[39m[90m─[39m[90m─[39m[90m─[39m[90m┐[39m
[90m  │[39m     [90mSpec[39m                                         [90mTests[39m   [90mPassing[39m   [90mFailing[39m   [90mPending[39m   [90mSkipped[39m [90m│[39m
[90m  ├[39m[90m─[39m[90m─[39m[90m─[39m[90m─[39m[90m─[39m[90m─[39m[90m─[39m[90m─[39m[90m─[39m[90m─[39m[90m─[39m[90m─[39m[90m─[39m[90m─[39m[90m─[39m[90m─[39m[90m─[39m[90m─[39m[90m─[39m[90m─[39m[90m─[39m[90m─[39m[90m─[39m[90m─[39m[90m─[39m[90m─[39m[90m─[39m[90m─[39m[90m─[39m[90m─[39m[90m─[39m[90m─[39m[90m─[39m[90m─[39m[90m─[39m[90m─[39m[90m─[39m[90m─[39m[90m─[39m[90m─[39m[90m─[39m[90m─[39m[90m─[39m[90m─[39m[90m─[39m[90m─[39m[90m─[39m[90m─[39m[90m─[39m[90m─[39m[90m─[39m[90m─[39m[90m─[39m[90m─[39m[90m─[39m[90m─[39m[90m─[39m[90m─[39m[90m─[39m[90m─[39m[90m─[39m[90m─[39m[90m─[39m[90m─[39m[90m─[39m[90m─[39m[90m─[39m[90m─[39m[90m─[39m[90m─[39m[90m─[39m[90m─[39m[90m─[39m[90m─[39m[90m─[39m[90m─[39m[90m─[39m[90m─[39m[90m─[39m[90m─[39m[90m─[39m[90m─[39m[90m─[39m[90m─[39m[90m─[39m[90m─[39m[90m─[39m[90m─[39m[90m─[39m[90m─[39m[90m─[39m[90m─[39m[90m─[39m[90m─[39m[90m─[39m[90m─[39m[90m┤[39m
[90m  │[39m [92m✔[39m   b/spec.a.js                        [90m42.3s[39m         [37m1[39m         [92m1[39m         [90m-[39m         [90m-[39m         [90m-[39m [90m│[39m
[90m  │[39m [92m✔[39m   b/spec.b.js                     [90m1m 52.3s[39m         [37m7[39m         [92m4[39m         [90m-[39m         [36m3[39m         [90m-[39m [90m│[39m
[90m  │[39m [92m✔[39m   a/spec.c.js                        [90m343ms[39m         [37m4[39m         [92m4[39m         [90m-[39m         [90m-[39m         [90m-[39m [90m│[39m
[90m  ├[39m[90m─[39m[90m─[39m[90m─[39m[90m─[39m[90m─[39m[90m─[39m[90m─[39m[90m─[39m[90m─[39m[90m─[39m[90m─[39m[90m─[39m[90m─[39m[90m─[39m[90m─[39m[90m─[39m[90m─[39m[90m─[39m[90m─[39m[90m─[39m[90m─[39m[90m─[39m[90m─[39m[90m─[39m[90m─[39m[90m─[39m[90m─[39m[90m─[39m[90m─[39m[90m─[39m[90m─[39m[90m─[39m[90m─[39m[90m─[39m[90m─[39m[90m─[39m[90m─[39m[90m─[39m[90m─[39m[90m─[39m[90m─[39m[90m─[39m[90m─[39m[90m─[39m[90m─[39m[90m─[39m[90m─[39m[90m─[39m[90m─[39m[90m─[39m[90m─[39m[90m─[39m[90m─[39m[90m─[39m[90m─[39m[90m─[39m[90m─[39m[90m─[39m[90m─[39m[90m─[39m[90m─[39m[90m─[39m[90m─[39m[90m─[39m[90m─[39m[90m─[39m[90m─[39m[90m─[39m[90m─[39m[90m─[39m[90m─[39m[90m─[39m[90m─[39m[90m─[39m[90m─[39m[90m─[39m[90m─[39m[90m─[39m[90m─[39m[90m─[39m[90m─[39m[90m─[39m[90m─[39m[90m─[39m[90m─[39m[90m─[39m[90m─[39m[90m─[39m[90m─[39m[90m─[39m[90m─[39m[90m─[39m[90m─[39m[90m─[39m[90m─[39m[90m─[39m[90m┤[39m
[90m  │[39m [92m✔[39m   All specs passed!                 [90m2m 35s[39m        [37m12[39m         [92m9[39m         [90m-[39m         [36m3[39m         [90m-[39m [90m│[39m
[90m  └[39m[90m─[39m[90m─[39m[90m─[39m[90m─[39m[90m─[39m[90m─[39m[90m─[39m[90m─[39m[90m─[39m[90m─[39m[90m─[39m[90m─[39m[90m─[39m[90m─[39m[90m─[39m[90m─[39m[90m─[39m[90m─[39m[90m─[39m[90m─[39m[90m─[39m[90m─[39m[90m─[39m[90m─[39m[90m─[39m[90m─[39m[90m─[39m[90m─[39m[90m─[39m[90m─[39m[90m─[39m[90m─[39m[90m─[39m[90m─[39m[90m─[39m[90m─[39m[90m─[39m[90m─[39m[90m─[39m[90m─[39m[90m─[39m[90m─[39m[90m─[39m[90m─[39m[90m─[39m[90m─[39m[90m─[39m[90m─[39m[90m─[39m[90m─[39m[90m─[39m[90m─[39m[90m─[39m[90m─[39m[90m─[39m[90m─[39m[90m─[39m[90m─[39m[90m─[39m[90m─[39m[90m─[39m[90m─[39m[90m─[39m[90m─[39m[90m─[39m[90m─[39m[90m─[39m[90m─[39m[90m─[39m[90m─[39m[90m─[39m[90m─[39m[90m─[39m[90m─[39m[90m─[39m[90m─[39m[90m─[39m[90m─[39m[90m─[39m[90m─[39m[90m─[39m[90m─[39m[90m─[39m[90m─[39m[90m─[39m[90m─[39m[90m─[39m[90m─[39m[90m─[39m[90m─[39m[90m─[39m[90m─[39m[90m─[39m[90m─[39m[90m─[39m[90m─[39m[90m┘[39m
"
`;

exports[`Table renders table with failed tests correctly 1`] = `
"[90m  ┌[39m[90m─[39m[90m─[39m[90m─[39m[90m─[39m[90m─[39m[90m─[39m[90m─[39m[90m─[39m[90m─[39m[90m─[39m[90m─[39m[90m─[39m[90m─[39m[90m─[39m[90m─[39m[90m─[39m[90m─[39m[90m─[39m[90m─[39m[90m─[39m[90m─[39m[90m─[39m[90m─[39m[90m─[39m[90m─[39m[90m─[39m[90m─[39m[90m─[39m[90m─[39m[90m─[39m[90m─[39m[90m─[39m[90m─[39m[90m─[39m[90m─[39m[90m─[39m[90m─[39m[90m─[39m[90m─[39m[90m─[39m[90m─[39m[90m─[39m[90m─[39m[90m─[39m[90m─[39m[90m─[39m[90m─[39m[90m─[39m[90m─[39m[90m─[39m[90m─[39m[90m─[39m[90m─[39m[90m─[39m[90m─[39m[90m─[39m[90m─[39m[90m─[39m[90m─[39m[90m─[39m[90m─[39m[90m─[39m[90m─[39m[90m─[39m[90m─[39m[90m─[39m[90m─[39m[90m─[39m[90m─[39m[90m─[39m[90m─[39m[90m─[39m[90m─[39m[90m─[39m[90m─[39m[90m─[39m[90m─[39m[90m─[39m[90m─[39m[90m─[39m[90m─[39m[90m─[39m[90m─[39m[90m─[39m[90m─[39m[90m─[39m[90m─[39m[90m─[39m[90m─[39m[90m─[39m[90m─[39m[90m─[39m[90m─[39m[90m─[39m[90m─[39m[90m─[39m[90m┐[39m
[90m  │[39m     [90mSpec[39m                                         [90mTests[39m   [90mPassing[39m   [90mFailing[39m   [90mPending[39m   [90mSkipped[39m [90m│[39m
[90m  ├[39m[90m─[39m[90m─[39m[90m─[39m[90m─[39m[90m─[39m[90m─[39m[90m─[39m[90m─[39m[90m─[39m[90m─[39m[90m─[39m[90m─[39m[90m─[39m[90m─[39m[90m─[39m[90m─[39m[90m─[39m[90m─[39m[90m─[39m[90m─[39m[90m─[39m[90m─[39m[90m─[39m[90m─[39m[90m─[39m[90m─[39m[90m─[39m[90m─[39m[90m─[39m[90m─[39m[90m─[39m[90m─[39m[90m─[39m[90m─[39m[90m─[39m[90m─[39m[90m─[39m[90m─[39m[90m─[39m[90m─[39m[90m─[39m[90m─[39m[90m─[39m[90m─[39m[90m─[39m[90m─[39m[90m─[39m[90m─[39m[90m─[39m[90m─[39m[90m─[39m[90m─[39m[90m─[39m[90m─[39m[90m─[39m[90m─[39m[90m─[39m[90m─[39m[90m─[39m[90m─[39m[90m─[39m[90m─[39m[90m─[39m[90m─[39m[90m─[39m[90m─[39m[90m─[39m[90m─[39m[90m─[39m[90m─[39m[90m─[39m[90m─[39m[90m─[39m[90m─[39m[90m─[39m[90m─[39m[90m─[39m[90m─[39m[90m─[39m[90m─[39m[90m─[39m[90m─[39m[90m─[39m[90m─[39m[90m─[39m[90m─[39m[90m─[39m[90m─[39m[90m─[39m[90m─[39m[90m─[39m[90m─[39m[90m─[39m[90m─[39m[90m─[39m[90m─[39m[90m┤[39m
[90m  │[39m [92m✔[39m   spec.a.js                          [90m42.3s[39m         [37m1[39m         [92m1[39m         [90m-[39m         [90m-[39m         [90m-[39m [90m│[39m
[90m  │[39m [31m✖[39m   spec.b.js                       [90m1m 52.3s[39m        [37m13[39m         [92m4[39m         [31m5[39m         [36m3[39m         [31m1[39m [90m│[39m
[90m  │[39m [31m✖[39m   spec.c.js                           [90m33ms[39m         [37m9[39m         [92m4[39m         [31m5[39m         [90m-[39m         [90m-[39m [90m│[39m
[90m  ├[39m[90m─[39m[90m─[39m[90m─[39m[90m─[39m[90m─[39m[90m─[39m[90m─[39m[90m─[39m[90m─[39m[90m─[39m[90m─[39m[90m─[39m[90m─[39m[90m─[39m[90m─[39m[90m─[39m[90m─[39m[90m─[39m[90m─[39m[90m─[39m[90m─[39m[90m─[39m[90m─[39m[90m─[39m[90m─[39m[90m─[39m[90m─[39m[90m─[39m[90m─[39m[90m─[39m[90m─[39m[90m─[39m[90m─[39m[90m─[39m[90m─[39m[90m─[39m[90m─[39m[90m─[39m[90m─[39m[90m─[39m[90m─[39m[90m─[39m[90m─[39m[90m─[39m[90m─[39m[90m─[39m[90m─[39m[90m─[39m[90m─[39m[90m─[39m[90m─[39m[90m─[39m[90m─[39m[90m─[39m[90m─[39m[90m─[39m[90m─[39m[90m─[39m[90m─[39m[90m─[39m[90m─[39m[90m─[39m[90m─[39m[90m─[39m[90m─[39m[90m─[39m[90m─[39m[90m─[39m[90m─[39m[90m─[39m[90m─[39m[90m─[39m[90m─[39m[90m─[39m[90m─[39m[90m─[39m[90m─[39m[90m─[39m[90m─[39m[90m─[39m[90m─[39m[90m─[39m[90m─[39m[90m─[39m[90m─[39m[90m─[39m[90m─[39m[90m─[39m[90m─[39m[90m─[39m[90m─[39m[90m─[39m[90m─[39m[90m─[39m[90m─[39m[90m─[39m[90m┤[39m
[90m  │[39m [31m✖[39m   [31m2 of 3 failed[39m                   [90m2m 34.7s[39m        [37m23[39m         [92m9[39m        [31m10[39m         [36m3[39m         [31m1[39m [90m│[39m
[90m  └[39m[90m─[39m[90m─[39m[90m─[39m[90m─[39m[90m─[39m[90m─[39m[90m─[39m[90m─[39m[90m─[39m[90m─[39m[90m─[39m[90m─[39m[90m─[39m[90m─[39m[90m─[39m[90m─[39m[90m─[39m[90m─[39m[90m─[39m[90m─[39m[90m─[39m[90m─[39m[90m─[39m[90m─[39m[90m─[39m[90m─[39m[90m─[39m[90m─[39m[90m─[39m[90m─[39m[90m─[39m[90m─[39m[90m─[39m[90m─[39m[90m─[39m[90m─[39m[90m─[39m[90m─[39m[90m─[39m[90m─[39m[90m─[39m[90m─[39m[90m─[39m[90m─[39m[90m─[39m[90m─[39m[90m─[39m[90m─[39m[90m─[39m[90m─[39m[90m─[39m[90m─[39m[90m─[39m[90m─[39m[90m─[39m[90m─[39m[90m─[39m[90m─[39m[90m─[39m[90m─[39m[90m─[39m[90m─[39m[90m─[39m[90m─[39m[90m─[39m[90m─[39m[90m─[39m[90m─[39m[90m─[39m[90m─[39m[90m─[39m[90m─[39m[90m─[39m[90m─[39m[90m─[39m[90m─[39m[90m─[39m[90m─[39m[90m─[39m[90m─[39m[90m─[39m[90m─[39m[90m─[39m[90m─[39m[90m─[39m[90m─[39m[90m─[39m[90m─[39m[90m─[39m[90m─[39m[90m─[39m[90m─[39m[90m─[39m[90m─[39m[90m─[39m[90m─[39m[90m┘[39m
"
`;

exports[`Table renders table with only successful tests correctly 1`] = `
"[90m  ┌[39m[90m─[39m[90m─[39m[90m─[39m[90m─[39m[90m─[39m[90m─[39m[90m─[39m[90m─[39m[90m─[39m[90m─[39m[90m─[39m[90m─[39m[90m─[39m[90m─[39m[90m─[39m[90m─[39m[90m─[39m[90m─[39m[90m─[39m[90m─[39m[90m─[39m[90m─[39m[90m─[39m[90m─[39m[90m─[39m[90m─[39m[90m─[39m[90m─[39m[90m─[39m[90m─[39m[90m─[39m[90m─[39m[90m─[39m[90m─[39m[90m─[39m[90m─[39m[90m─[39m[90m─[39m[90m─[39m[90m─[39m[90m─[39m[90m─[39m[90m─[39m[90m─[39m[90m─[39m[90m─[39m[90m─[39m[90m─[39m[90m─[39m[90m─[39m[90m─[39m[90m─[39m[90m─[39m[90m─[39m[90m─[39m[90m─[39m[90m─[39m[90m─[39m[90m─[39m[90m─[39m[90m─[39m[90m─[39m[90m─[39m[90m─[39m[90m─[39m[90m─[39m[90m─[39m[90m─[39m[90m─[39m[90m─[39m[90m─[39m[90m─[39m[90m─[39m[90m─[39m[90m─[39m[90m─[39m[90m─[39m[90m─[39m[90m─[39m[90m─[39m[90m─[39m[90m─[39m[90m─[39m[90m─[39m[90m─[39m[90m─[39m[90m─[39m[90m─[39m[90m─[39m[90m─[39m[90m─[39m[90m─[39m[90m─[39m[90m─[39m[90m─[39m[90m─[39m[90m┐[39m
[90m  │[39m     [90mSpec[39m                                         [90mTests[39m   [90mPassing[39m   [90mFailing[39m   [90mPending[39m   [90mSkipped[39m [90m│[39m
[90m  ├[39m[90m─[39m[90m─[39m[90m─[39m[90m─[39m[90m─[39m[90m─[39m[90m─[39m[90m─[39m[90m─[39m[90m─[39m[90m─[39m[90m─[39m[90m─[39m[90m─[39m[90m─[39m[90m─[39m[90m─[39m[90m─[39m[90m─[39m[90m─[39m[90m─[39m[90m─[39m[90m─[39m[90m─[39m[90m─[39m[90m─[39m[90m─[39m[90m─[39m[90m─[39m[90m─[39m[90m─[39m[90m─[39m[90m─[39m[90m─[39m[90m─[39m[90m─[39m[90m─[39m[90m─[39m[90m─[39m[90m─[39m[90m─[39m[90m─[39m[90m─[39m[90m─[39m[90m─[39m[90m─[39m[90m─[39m[90m─[39m[90m─[39m[90m─[39m[90m─[39m[90m─[39m[90m─[39m[90m─[39m[90m─[39m[90m─[39m[90m─[39m[90m─[39m[90m─[39m[90m─[39m[90m─[39m[90m─[39m[90m─[39m[90m─[39m[90m─[39m[90m─[39m[90m─[39m[90m─[39m[90m─[39m[90m─[39m[90m─[39m[90m─[39m[90m─[39m[90m─[39m[90m─[39m[90m─[39m[90m─[39m[90m─[39m[90m─[39m[90m─[39m[90m─[39m[90m─[39m[90m─[39m[90m─[39m[90m─[39m[90m─[39m[90m─[39m[90m─[39m[90m─[39m[90m─[39m[90m─[39m[90m─[39m[90m─[39m[90m─[39m[90m─[39m[90m─[39m[90m┤[39m
[90m  │[39m [92m✔[39m   spec.a.js                          [90m42.3s[39m         [37m1[39m         [92m1[39m         [90m-[39m         [90m-[39m         [90m-[39m [90m│[39m
[90m  │[39m [92m✔[39m   spec.b.js                       [90m1m 52.3s[39m         [37m7[39m         [92m4[39m         [90m-[39m         [36m3[39m         [90m-[39m [90m│[39m
[90m  │[39m [92m✔[39m   spec.c.js                          [90m343ms[39m         [37m4[39m         [92m4[39m         [90m-[39m         [90m-[39m         [90m-[39m [90m│[39m
[90m  ├[39m[90m─[39m[90m─[39m[90m─[39m[90m─[39m[90m─[39m[90m─[39m[90m─[39m[90m─[39m[90m─[39m[90m─[39m[90m─[39m[90m─[39m[90m─[39m[90m─[39m[90m─[39m[90m─[39m[90m─[39m[90m─[39m[90m─[39m[90m─[39m[90m─[39m[90m─[39m[90m─[39m[90m─[39m[90m─[39m[90m─[39m[90m─[39m[90m─[39m[90m─[39m[90m─[39m[90m─[39m[90m─[39m[90m─[39m[90m─[39m[90m─[39m[90m─[39m[90m─[39m[90m─[39m[90m─[39m[90m─[39m[90m─[39m[90m─[39m[90m─[39m[90m─[39m[90m─[39m[90m─[39m[90m─[39m[90m─[39m[90m─[39m[90m─[39m[90m─[39m[90m─[39m[90m─[39m[90m─[39m[90m─[39m[90m─[39m[90m─[39m[90m─[39m[90m─[39m[90m─[39m[90m─[39m[90m─[39m[90m─[39m[90m─[39m[90m─[39m[90m─[39m[90m─[39m[90m─[39m[90m─[39m[90m─[39m[90m─[39m[90m─[39m[90m─[39m[90m─[39m[90m─[39m[90m─[39m[90m─[39m[90m─[39m[90m─[39m[90m─[39m[90m─[39m[90m─[39m[90m─[39m[90m─[39m[90m─[39m[90m─[39m[90m─[39m[90m─[39m[90m─[39m[90m─[39m[90m─[39m[90m─[39m[90m─[39m[90m─[39m[90m─[39m[90m─[39m[90m┤[39m
[90m  │[39m [92m✔[39m   All specs passed!                 [90m2m 35s[39m        [37m12[39m         [92m9[39m         [90m-[39m         [36m3[39m         [90m-[39m [90m│[39m
[90m  └[39m[90m─[39m[90m─[39m[90m─[39m[90m─[39m[90m─[39m[90m─[39m[90m─[39m[90m─[39m[90m─[39m[90m─[39m[90m─[39m[90m─[39m[90m─[39m[90m─[39m[90m─[39m[90m─[39m[90m─[39m[90m─[39m[90m─[39m[90m─[39m[90m─[39m[90m─[39m[90m─[39m[90m─[39m[90m─[39m[90m─[39m[90m─[39m[90m─[39m[90m─[39m[90m─[39m[90m─[39m[90m─[39m[90m─[39m[90m─[39m[90m─[39m[90m─[39m[90m─[39m[90m─[39m[90m─[39m[90m─[39m[90m─[39m[90m─[39m[90m─[39m[90m─[39m[90m─[39m[90m─[39m[90m─[39m[90m─[39m[90m─[39m[90m─[39m[90m─[39m[90m─[39m[90m─[39m[90m─[39m[90m─[39m[90m─[39m[90m─[39m[90m─[39m[90m─[39m[90m─[39m[90m─[39m[90m─[39m[90m─[39m[90m─[39m[90m─[39m[90m─[39m[90m─[39m[90m─[39m[90m─[39m[90m─[39m[90m─[39m[90m─[39m[90m─[39m[90m─[39m[90m─[39m[90m─[39m[90m─[39m[90m─[39m[90m─[39m[90m─[39m[90m─[39m[90m─[39m[90m─[39m[90m─[39m[90m─[39m[90m─[39m[90m─[39m[90m─[39m[90m─[39m[90m─[39m[90m─[39m[90m─[39m[90m─[39m[90m─[39m[90m─[39m[90m─[39m[90m┘[39m
"
`;
